// Jest Snapshot v1, https://goo.gl/fbAQLP

exports[`BreadthFirst static findPath returns an array of directed vectors - hard 1`] = `
"➡️➡️➡️⬇️⬛️⬛️⬛️
🟩🟩🟩➡️➡️⬇️🪜
⬛️⬛️🟩⬛️🟩⬇️⬛️
⬛️🟩🟩⬛️🪜⬇️⬛️
🟩🟩🟩⬛️🪜⬇️⬛️
⬛️🪜🟩🪜🟩➡️⬇️
⬛️⬛️⬛️⬛️🟩🟩*️⃣"
`;

exports[`BreadthFirst static findPath returns an array of directed vectors - hard 2`] = `
"*️⃣🟩🪜⬛️⬛️⬛️⬛️
⬆️⬅️⬅️🪜🟩🟩🪜
⬛️⬛️⬆️⬛️🟩🟩⬛️
⬛️🟩⬆️⬛️🪜🟩⬛️
🟩🟩⬆️⬛️🪜🟩⬛️
⬛️🪜⬆️⬅️⬅️🟩🟩
⬛️⬛️⬛️⬛️⬆️⬅️⬅️"
`;

exports[`BreadthFirst static findPath returns an array of directed vectors - hard 3`] = `
"🟩🟩➡️➡️➡️➡️*️⃣
🟩🟩⬆️🪜🟩🟩🪜
⬛️⬛️⬆️⬛️🟩🟩⬛️
⬛️➡️⬆️⬛️🪜🟩⬛️
🟩⬆️🟩⬛️🪜🟩⬛️
➡️⬆️🟩🪜🟩🟩🟩
⬆️⬛️⬛️⬛️🟩🟩🟩"
`;

exports[`BreadthFirst static findPath returns an array of directed vectors - hard 4`] = `
"🟩🟩⬇️⬅️⬅️⬅️⬅️
🟩🟩⬇️🪜🟩🟩🪜
⬛️⬛️⬇️⬛️🟩🟩⬛️
⬛️⬇️⬅️⬛️🪜🟩⬛️
🟩⬇️🟩⬛️🪜🟩⬛️
⬇️⬅️🟩🪜🟩🟩🟩
*️⃣⬛️⬛️⬛️🟩🟩🟩"
`;

exports[`BreadthFirst static findPath returns an array of directed vectors - medium 1`] = `
"➡️➡️⬇️⬛️🟩
🟩🟩➡️➡️⬇️
⬛️🟩🟩🟩⬇️
⬛️🟩🟩⬛️⬇️
⬛️⬛️⬛️⬛️*️⃣"
`;

exports[`BreadthFirst static findPath returns an array of directed vectors - medium 2`] = `
"*️⃣🟩🟩⬛️🟩
⬆️⬅️🟩🟩🟩
⬛️⬆️⬅️⬅️⬅️
⬛️🟩🟩⬛️⬆️
⬛️⬛️⬛️⬛️⬆️"
`;

exports[`BreadthFirst static findPath returns an array of directed vectors - medium 3`] = `
"🟩🟩🟩⬛️⬇️
🟩⬇️⬅️⬅️⬅️
⬛️⬇️🟩🟩🟩
⬛️*️⃣🟩⬛️🟩
⬛️⬛️⬛️⬛️🟩"
`;

exports[`BreadthFirst static findPath returns an array of directed vectors - medium 4`] = `
"🟩🟩🟩⬛️*️⃣
🟩➡️➡️➡️⬆️
⬛️⬆️🟩🟩🟩
⬛️⬆️🟩⬛️🟩
⬛️⬛️⬛️⬛️🟩"
`;
